2024-12-28 12:30:31,385 [INFO] com.banking.Sweep.SweepApplication[main] Starting SweepApplication using Java 17.0.13 with PID 18860 (D:\IntellijWorkspace\Sweep\Sweep\target\classes started by bhanu in D:\IntellijWorkspace\Sweep)
2024-12-28 12:30:31,394 [INFO] com.banking.Sweep.SweepApplication[main] No active profile set, falling back to 1 default profile: "default"
2024-12-28 12:30:33,214 [INFO] org.springframework.data.repository.config.RepositoryConfigurationDelegate[main] Bootstrapping Spring Data JPA repositories in DEFAULT mode.
2024-12-28 12:30:33,415 [INFO] org.springframework.data.repository.config.RepositoryConfigurationDelegate[main] Finished Spring Data repository scanning in 183 ms. Found 5 JPA repository interfaces.
2024-12-28 12:30:35,017 [INFO] org.springframework.boot.web.embedded.tomcat.TomcatWebServer[main] Tomcat initialized with port 8080 (http)
2024-12-28 12:30:35,054 [INFO] org.apache.catalina.core.StandardService[main] Starting service [Tomcat]
2024-12-28 12:30:35,055 [INFO] org.apache.catalina.core.StandardEngine[main] Starting Servlet engine: [Apache Tomcat/10.1.31]
2024-12-28 12:30:35,251 [INFO] org.apache.catalina.core.ContainerBase.[Tomcat].[localhost].[/][main] Initializing Spring embedded WebApplicationContext
2024-12-28 12:30:35,251 [INFO] org.springframework.boot.web.servlet.context.ServletWebServerApplicationContext[main] Root WebApplicationContext: initialization completed in 3788 ms
2024-12-28 12:30:35,512 [INFO] org.hibernate.jpa.internal.util.LogHelper[main] HHH000204: Processing PersistenceUnitInfo [name: default]
2024-12-28 12:30:35,597 [INFO] org.hibernate.Version[main] HHH000412: Hibernate ORM core version 6.5.3.Final
2024-12-28 12:30:35,643 [INFO] org.hibernate.cache.internal.RegionFactoryInitiator[main] HHH000026: Second-level cache disabled
2024-12-28 12:30:36,011 [INFO] org.springframework.orm.jpa.persistenceunit.SpringPersistenceUnitInfo[main] No LoadTimeWeaver setup: ignoring JPA class transformer
2024-12-28 12:30:36,051 [INFO] com.zaxxer.hikari.HikariDataSource[main] HikariPool-1 - Starting...
2024-12-28 12:30:36,583 [INFO] com.zaxxer.hikari.pool.HikariPool[main] HikariPool-1 - Added connection com.mysql.cj.jdbc.ConnectionImpl@371cd2fc
2024-12-28 12:30:36,587 [INFO] com.zaxxer.hikari.HikariDataSource[main] HikariPool-1 - Start completed.
2024-12-28 12:30:38,541 [INFO] org.hibernate.engine.transaction.jta.platform.internal.JtaPlatformInitiator[main] HHH000489: No JTA platform available (set 'hibernate.transaction.jta.platform' to enable JTA platform integration)
2024-12-28 12:30:38,754 [INFO] org.springframework.orm.jpa.LocalContainerEntityManagerFactoryBean[main] Initialized JPA EntityManagerFactory for persistence unit 'default'
2024-12-28 12:30:39,294 [INFO] org.springframework.data.jpa.repository.query.QueryEnhancerFactory[main] Hibernate is in classpath; If applicable, HQL parser will be used.
2024-12-28 12:30:39,991 [WARN] org.springframework.boot.autoconfigure.orm.jpa.JpaBaseConfiguration$JpaWebConfiguration[main] spring.jpa.open-in-view is enabled by default. Therefore, database queries may be performed during view rendering. Explicitly configure spring.jpa.open-in-view to disable this warning
2024-12-28 12:30:41,042 [INFO] org.springframework.boot.web.embedded.tomcat.TomcatWebServer[main] Tomcat started on port 8080 (http) with context path '/'
2024-12-28 12:30:41,076 [INFO] com.banking.Sweep.SweepApplication[main] Started SweepApplication in 10.404 seconds (process running for 11.897)
2024-12-28 12:33:07,479 [INFO] org.apache.catalina.core.ContainerBase.[Tomcat].[localhost].[/][http-nio-8080-exec-4] Initializing Spring DispatcherServlet 'dispatcherServlet'
2024-12-28 12:33:07,479 [INFO] org.springframework.web.servlet.DispatcherServlet[http-nio-8080-exec-4] Initializing Servlet 'dispatcherServlet'
2024-12-28 12:33:07,489 [INFO] org.springframework.web.servlet.DispatcherServlet[http-nio-8080-exec-4] Completed initialization in 10 ms
2024-12-28 12:35:28,135 [INFO] org.springframework.orm.jpa.LocalContainerEntityManagerFactoryBean[SpringApplicationShutdownHook] Closing JPA EntityManagerFactory for persistence unit 'default'
2024-12-28 12:35:28,139 [INFO] com.zaxxer.hikari.HikariDataSource[SpringApplicationShutdownHook] HikariPool-1 - Shutdown initiated...
2024-12-28 12:35:28,148 [INFO] com.zaxxer.hikari.HikariDataSource[SpringApplicationShutdownHook] HikariPool-1 - Shutdown completed.
2024-12-28 19:27:45,119 [INFO] com.banking.Sweep.SweepApplication[main] Starting SweepApplication using Java 17.0.13 with PID 8488 (D:\IntellijWorkspace\Sweep\Sweep\target\classes started by bhanu in D:\IntellijWorkspace\Sweep)
2024-12-28 19:27:45,119 [INFO] com.banking.Sweep.SweepApplication[main] No active profile set, falling back to 1 default profile: "default"
2024-12-28 19:27:46,684 [INFO] org.springframework.data.repository.config.RepositoryConfigurationDelegate[main] Bootstrapping Spring Data JPA repositories in DEFAULT mode.
2024-12-28 19:27:46,771 [INFO] org.springframework.data.repository.config.RepositoryConfigurationDelegate[main] Finished Spring Data repository scanning in 80 ms. Found 5 JPA repository interfaces.
2024-12-28 19:27:47,396 [INFO] org.springframework.boot.web.embedded.tomcat.TomcatWebServer[main] Tomcat initialized with port 8080 (http)
2024-12-28 19:27:47,412 [INFO] org.apache.catalina.core.StandardService[main] Starting service [Tomcat]
2024-12-28 19:27:47,412 [INFO] org.apache.catalina.core.StandardEngine[main] Starting Servlet engine: [Apache Tomcat/10.1.31]
2024-12-28 19:27:47,498 [INFO] org.apache.catalina.core.ContainerBase.[Tomcat].[localhost].[/][main] Initializing Spring embedded WebApplicationContext
2024-12-28 19:27:47,498 [INFO] org.springframework.boot.web.servlet.context.ServletWebServerApplicationContext[main] Root WebApplicationContext: initialization completed in 2317 ms
2024-12-28 19:27:47,683 [INFO] org.hibernate.jpa.internal.util.LogHelper[main] HHH000204: Processing PersistenceUnitInfo [name: default]
2024-12-28 19:27:47,768 [INFO] org.hibernate.Version[main] HHH000412: Hibernate ORM core version 6.5.3.Final
2024-12-28 19:27:47,815 [INFO] org.hibernate.cache.internal.RegionFactoryInitiator[main] HHH000026: Second-level cache disabled
2024-12-28 19:27:48,104 [INFO] org.springframework.orm.jpa.persistenceunit.SpringPersistenceUnitInfo[main] No LoadTimeWeaver setup: ignoring JPA class transformer
2024-12-28 19:27:48,157 [INFO] com.zaxxer.hikari.HikariDataSource[main] HikariPool-1 - Starting...
2024-12-28 19:27:49,263 [WARN] org.hibernate.engine.jdbc.spi.SqlExceptionHelper[main] SQL Error: 0, SQLState: 08S01
2024-12-28 19:27:49,266 [ERROR] org.hibernate.engine.jdbc.spi.SqlExceptionHelper[main] Communications link failure

The last packet sent successfully to the server was 0 milliseconds ago. The driver has not received any packets from the server.
2024-12-28 19:27:49,268 [WARN] org.hibernate.engine.jdbc.env.internal.JdbcEnvironmentInitiator[main] HHH000342: Could not obtain connection to query metadata
org.hibernate.exception.JDBCConnectionException: unable to obtain isolated JDBC connection [Communications link failure

The last packet sent successfully to the server was 0 milliseconds ago. The driver has not received any packets from the server.] [n/a]
	at org.hibernate.exception.internal.SQLStateConversionDelegate.convert(SQLStateConversionDelegate.java:100)
	at org.hibernate.exception.internal.StandardSQLExceptionConverter.convert(StandardSQLExceptionConverter.java:58)
	at org.hibernate.engine.jdbc.spi.SqlExceptionHelper.convert(SqlExceptionHelper.java:108)
	at org.hibernate.engine.jdbc.spi.SqlExceptionHelper.convert(SqlExceptionHelper.java:94)
	at org.hibernate.resource.transaction.backend.jdbc.internal.JdbcIsolationDelegate.delegateWork(JdbcIsolationDelegate.java:116)
	at org.hibernate.engine.jdbc.env.internal.JdbcEnvironmentInitiator.getJdbcEnvironmentUsingJdbcMetadata(JdbcEnvironmentInitiator.java:292)
	at org.hibernate.engine.jdbc.env.internal.JdbcEnvironmentInitiator.initiateService(JdbcEnvironmentInitiator.java:124)
	at org.hibernate.engine.jdbc.env.internal.JdbcEnvironmentInitiator.initiateService(JdbcEnvironmentInitiator.java:78)
	at org.hibernate.boot.registry.internal.StandardServiceRegistryImpl.initiateService(StandardServiceRegistryImpl.java:130)
	at org.hibernate.service.internal.AbstractServiceRegistryImpl.createService(AbstractServiceRegistryImpl.java:263)
	at org.hibernate.service.internal.AbstractServiceRegistryImpl.initializeService(AbstractServiceRegistryImpl.java:238)
	at org.hibernate.service.internal.AbstractServiceRegistryImpl.getService(AbstractServiceRegistryImpl.java:215)
	at org.hibernate.boot.model.relational.Database.<init>(Database.java:45)
	at org.hibernate.boot.internal.InFlightMetadataCollectorImpl.getDatabase(InFlightMetadataCollectorImpl.java:221)
	at org.hibernate.boot.internal.InFlightMetadataCollectorImpl.<init>(InFlightMetadataCollectorImpl.java:189)
	at org.hibernate.boot.model.process.spi.MetadataBuildingProcess.complete(MetadataBuildingProcess.java:171)
	at org.hibernate.jpa.boot.internal.EntityManagerFactoryBuilderImpl.metadata(EntityManagerFactoryBuilderImpl.java:1431)
	at org.hibernate.jpa.boot.internal.EntityManagerFactoryBuilderImpl.build(EntityManagerFactoryBuilderImpl.java:1502)
	at org.springframework.orm.jpa.vendor.SpringHibernateJpaPersistenceProvider.createContainerEntityManagerFactory(SpringHibernateJpaPersistenceProvider.java:75)
	at org.springframework.orm.jpa.LocalContainerEntityManagerFactoryBean.createNativeEntityManagerFactory(LocalContainerEntityManagerFactoryBean.java:390)
	at org.springframework.orm.jpa.AbstractEntityManagerFactoryBean.buildNativeEntityManagerFactory(AbstractEntityManagerFactoryBean.java:409)
	at org.springframework.orm.jpa.AbstractEntityManagerFactoryBean.afterPropertiesSet(AbstractEntityManagerFactoryBean.java:396)
	at org.springframework.orm.jpa.LocalContainerEntityManagerFactoryBean.afterPropertiesSet(LocalContainerEntityManagerFactoryBean.java:366)
	at org.springframework.beans.factory.support.AbstractAutowireCapableBeanFactory.invokeInitMethods(AbstractAutowireCapableBeanFactory.java:1853)
	at org.springframework.beans.factory.support.AbstractAutowireCapableBeanFactory.initializeBean(AbstractAutowireCapableBeanFactory.java:1802)
	at org.springframework.beans.factory.support.AbstractAutowireCapableBeanFactory.doCreateBean(AbstractAutowireCapableBeanFactory.java:600)
	at org.springframework.beans.factory.support.AbstractAutowireCapableBeanFactory.createBean(AbstractAutowireCapableBeanFactory.java:522)
	at org.springframework.beans.factory.support.AbstractBeanFactory.lambda$doGetBean$0(AbstractBeanFactory.java:337)
	at org.springframework.beans.factory.support.DefaultSingletonBeanRegistry.getSingleton(DefaultSingletonBeanRegistry.java:234)
	at org.springframework.beans.factory.support.AbstractBeanFactory.doGetBean(AbstractBeanFactory.java:335)
	at org.springframework.beans.factory.support.AbstractBeanFactory.getBean(AbstractBeanFactory.java:205)
	at org.springframework.context.support.AbstractApplicationContext.finishBeanFactoryInitialization(AbstractApplicationContext.java:954)
	at org.springframework.context.support.AbstractApplicationContext.refresh(AbstractApplicationContext.java:625)
	at org.springframework.boot.web.servlet.context.ServletWebServerApplicationContext.refresh(ServletWebServerApplicationContext.java:146)
	at org.springframework.boot.SpringApplication.refresh(SpringApplication.java:754)
	at org.springframework.boot.SpringApplication.refreshContext(SpringApplication.java:456)
	at org.springframework.boot.SpringApplication.run(SpringApplication.java:335)
	at org.springframework.boot.SpringApplication.run(SpringApplication.java:1363)
	at org.springframework.boot.SpringApplication.run(SpringApplication.java:1352)
	at com.banking.Sweep.SweepApplication.main(SweepApplication.java:16)
Caused by: com.mysql.cj.jdbc.exceptions.CommunicationsException: Communications link failure

The last packet sent successfully to the server was 0 milliseconds ago. The driver has not received any packets from the server.
	at com.mysql.cj.jdbc.exceptions.SQLError.createCommunicationsException(SQLError.java:174)
	at com.mysql.cj.jdbc.exceptions.SQLExceptionsMapping.translateException(SQLExceptionsMapping.java:64)
	at com.mysql.cj.jdbc.ConnectionImpl.createNewIO(ConnectionImpl.java:815)
	at com.mysql.cj.jdbc.ConnectionImpl.<init>(ConnectionImpl.java:438)
	at com.mysql.cj.jdbc.ConnectionImpl.getInstance(ConnectionImpl.java:241)
	at com.mysql.cj.jdbc.NonRegisteringDriver.connect(NonRegisteringDriver.java:189)
	at com.zaxxer.hikari.util.DriverDataSource.getConnection(DriverDataSource.java:137)
	at com.zaxxer.hikari.pool.PoolBase.newConnection(PoolBase.java:360)
	at com.zaxxer.hikari.pool.PoolBase.newPoolEntry(PoolBase.java:202)
	at com.zaxxer.hikari.pool.HikariPool.createPoolEntry(HikariPool.java:461)
	at com.zaxxer.hikari.pool.HikariPool.checkFailFast(HikariPool.java:550)
	at com.zaxxer.hikari.pool.HikariPool.<init>(HikariPool.java:98)
	at com.zaxxer.hikari.HikariDataSource.getConnection(HikariDataSource.java:111)
	at org.hibernate.engine.jdbc.connections.internal.DatasourceConnectionProviderImpl.getConnection(DatasourceConnectionProviderImpl.java:122)
	at org.hibernate.engine.jdbc.env.internal.JdbcEnvironmentInitiator$ConnectionProviderJdbcConnectionAccess.obtainConnection(JdbcEnvironmentInitiator.java:439)
	at org.hibernate.resource.transaction.backend.jdbc.internal.JdbcIsolationDelegate.delegateWork(JdbcIsolationDelegate.java:61)
	... 35 common frames omitted
Caused by: com.mysql.cj.exceptions.CJCommunicationsException: Communications link failure

The last packet sent successfully to the server was 0 milliseconds ago. The driver has not received any packets from the server.
	at java.base/jdk.internal.reflect.NativeConstructorAccessorImpl.newInstance0(Native Method)
	at java.base/jdk.internal.reflect.NativeConstructorAccessorImpl.newInstance(NativeConstructorAccessorImpl.java:77)
	at java.base/jdk.internal.reflect.DelegatingConstructorAccessorImpl.newInstance(DelegatingConstructorAccessorImpl.java:45)
	at java.base/java.lang.reflect.Constructor.newInstanceWithCaller(Constructor.java:499)
	at java.base/java.lang.reflect.Constructor.newInstance(Constructor.java:480)
	at com.mysql.cj.exceptions.ExceptionFactory.createException(ExceptionFactory.java:61)
	at com.mysql.cj.exceptions.ExceptionFactory.createException(ExceptionFactory.java:104)
	at com.mysql.cj.exceptions.ExceptionFactory.createException(ExceptionFactory.java:149)
	at com.mysql.cj.exceptions.ExceptionFactory.createCommunicationsException(ExceptionFactory.java:165)
	at com.mysql.cj.protocol.a.NativeSocketConnection.connect(NativeSocketConnection.java:88)
	at com.mysql.cj.NativeSession.connect(NativeSession.java:120)
	at com.mysql.cj.jdbc.ConnectionImpl.connectOneTryOnly(ConnectionImpl.java:935)
	at com.mysql.cj.jdbc.ConnectionImpl.createNewIO(ConnectionImpl.java:805)
	... 48 common frames omitted
Caused by: java.net.ConnectException: Connection refused: no further information
	at java.base/sun.nio.ch.Net.pollConnect(Native Method)
	at java.base/sun.nio.ch.Net.pollConnectNow(Net.java:672)
	at java.base/sun.nio.ch.NioSocketImpl.timedFinishConnect(NioSocketImpl.java:547)
	at java.base/sun.nio.ch.NioSocketImpl.connect(NioSocketImpl.java:602)
	at java.base/java.net.SocksSocketImpl.connect(SocksSocketImpl.java:327)
	at java.base/java.net.Socket.connect(Socket.java:633)
	at com.mysql.cj.protocol.StandardSocketFactory.connect(StandardSocketFactory.java:153)
	at com.mysql.cj.protocol.a.NativeSocketConnection.connect(NativeSocketConnection.java:62)
	... 51 common frames omitted
2024-12-28 19:27:49,277 [ERROR] org.springframework.orm.jpa.LocalContainerEntityManagerFactoryBean[main] Failed to initialize JPA EntityManagerFactory: Unable to create requested service [org.hibernate.engine.jdbc.env.spi.JdbcEnvironment] due to: Unable to determine Dialect without JDBC metadata (please set 'jakarta.persistence.jdbc.url' for common cases or 'hibernate.dialect' when a custom Dialect implementation must be provided)
2024-12-28 19:27:49,277 [WARN] org.springframework.boot.web.servlet.context.AnnotationConfigServletWebServerApplicationContext[main] Exception encountered during context initialization - cancelling refresh attempt: org.springframework.beans.factory.BeanCreationException: Error creating bean with name 'entityManagerFactory' defined in class path resource [org/springframework/boot/autoconfigure/orm/jpa/HibernateJpaConfiguration.class]: Unable to create requested service [org.hibernate.engine.jdbc.env.spi.JdbcEnvironment] due to: Unable to determine Dialect without JDBC metadata (please set 'jakarta.persistence.jdbc.url' for common cases or 'hibernate.dialect' when a custom Dialect implementation must be provided)
2024-12-28 19:27:49,292 [INFO] org.apache.catalina.core.StandardService[main] Stopping service [Tomcat]
2024-12-28 19:27:49,316 [INFO] org.springframework.boot.autoconfigure.logging.ConditionEvaluationReportLogger[main] 

Error starting ApplicationContext. To display the condition evaluation report re-run your application with 'debug' enabled.
2024-12-28 19:27:49,351 [ERROR] org.springframework.boot.SpringApplication[main] Application run failed
org.springframework.beans.factory.BeanCreationException: Error creating bean with name 'entityManagerFactory' defined in class path resource [org/springframework/boot/autoconfigure/orm/jpa/HibernateJpaConfiguration.class]: Unable to create requested service [org.hibernate.engine.jdbc.env.spi.JdbcEnvironment] due to: Unable to determine Dialect without JDBC metadata (please set 'jakarta.persistence.jdbc.url' for common cases or 'hibernate.dialect' when a custom Dialect implementation must be provided)
	at org.springframework.beans.factory.support.AbstractAutowireCapableBeanFactory.initializeBean(AbstractAutowireCapableBeanFactory.java:1806)
	at org.springframework.beans.factory.support.AbstractAutowireCapableBeanFactory.doCreateBean(AbstractAutowireCapableBeanFactory.java:600)
	at org.springframework.beans.factory.support.AbstractAutowireCapableBeanFactory.createBean(AbstractAutowireCapableBeanFactory.java:522)
	at org.springframework.beans.factory.support.AbstractBeanFactory.lambda$doGetBean$0(AbstractBeanFactory.java:337)
	at org.springframework.beans.factory.support.DefaultSingletonBeanRegistry.getSingleton(DefaultSingletonBeanRegistry.java:234)
	at org.springframework.beans.factory.support.AbstractBeanFactory.doGetBean(AbstractBeanFactory.java:335)
	at org.springframework.beans.factory.support.AbstractBeanFactory.getBean(AbstractBeanFactory.java:205)
	at org.springframework.context.support.AbstractApplicationContext.finishBeanFactoryInitialization(AbstractApplicationContext.java:954)
	at org.springframework.context.support.AbstractApplicationContext.refresh(AbstractApplicationContext.java:625)
	at org.springframework.boot.web.servlet.context.ServletWebServerApplicationContext.refresh(ServletWebServerApplicationContext.java:146)
	at org.springframework.boot.SpringApplication.refresh(SpringApplication.java:754)
	at org.springframework.boot.SpringApplication.refreshContext(SpringApplication.java:456)
	at org.springframework.boot.SpringApplication.run(SpringApplication.java:335)
	at org.springframework.boot.SpringApplication.run(SpringApplication.java:1363)
	at org.springframework.boot.SpringApplication.run(SpringApplication.java:1352)
	at com.banking.Sweep.SweepApplication.main(SweepApplication.java:16)
Caused by: org.hibernate.service.spi.ServiceException: Unable to create requested service [org.hibernate.engine.jdbc.env.spi.JdbcEnvironment] due to: Unable to determine Dialect without JDBC metadata (please set 'jakarta.persistence.jdbc.url' for common cases or 'hibernate.dialect' when a custom Dialect implementation must be provided)
	at org.hibernate.service.internal.AbstractServiceRegistryImpl.createService(AbstractServiceRegistryImpl.java:276)
	at org.hibernate.service.internal.AbstractServiceRegistryImpl.initializeService(AbstractServiceRegistryImpl.java:238)
	at org.hibernate.service.internal.AbstractServiceRegistryImpl.getService(AbstractServiceRegistryImpl.java:215)
	at org.hibernate.boot.model.relational.Database.<init>(Database.java:45)
	at org.hibernate.boot.internal.InFlightMetadataCollectorImpl.getDatabase(InFlightMetadataCollectorImpl.java:221)
	at org.hibernate.boot.internal.InFlightMetadataCollectorImpl.<init>(InFlightMetadataCollectorImpl.java:189)
	at org.hibernate.boot.model.process.spi.MetadataBuildingProcess.complete(MetadataBuildingProcess.java:171)
	at org.hibernate.jpa.boot.internal.EntityManagerFactoryBuilderImpl.metadata(EntityManagerFactoryBuilderImpl.java:1431)
	at org.hibernate.jpa.boot.internal.EntityManagerFactoryBuilderImpl.build(EntityManagerFactoryBuilderImpl.java:1502)
	at org.springframework.orm.jpa.vendor.SpringHibernateJpaPersistenceProvider.createContainerEntityManagerFactory(SpringHibernateJpaPersistenceProvider.java:75)
	at org.springframework.orm.jpa.LocalContainerEntityManagerFactoryBean.createNativeEntityManagerFactory(LocalContainerEntityManagerFactoryBean.java:390)
	at org.springframework.orm.jpa.AbstractEntityManagerFactoryBean.buildNativeEntityManagerFactory(AbstractEntityManagerFactoryBean.java:409)
	at org.springframework.orm.jpa.AbstractEntityManagerFactoryBean.afterPropertiesSet(AbstractEntityManagerFactoryBean.java:396)
	at org.springframework.orm.jpa.LocalContainerEntityManagerFactoryBean.afterPropertiesSet(LocalContainerEntityManagerFactoryBean.java:366)
	at org.springframework.beans.factory.support.AbstractAutowireCapableBeanFactory.invokeInitMethods(AbstractAutowireCapableBeanFactory.java:1853)
	at org.springframework.beans.factory.support.AbstractAutowireCapableBeanFactory.initializeBean(AbstractAutowireCapableBeanFactory.java:1802)
	... 15 common frames omitted
Caused by: org.hibernate.HibernateException: Unable to determine Dialect without JDBC metadata (please set 'jakarta.persistence.jdbc.url' for common cases or 'hibernate.dialect' when a custom Dialect implementation must be provided)
	at org.hibernate.engine.jdbc.dialect.internal.DialectFactoryImpl.determineDialect(DialectFactoryImpl.java:191)
	at org.hibernate.engine.jdbc.dialect.internal.DialectFactoryImpl.buildDialect(DialectFactoryImpl.java:87)
	at org.hibernate.engine.jdbc.env.internal.JdbcEnvironmentInitiator.getJdbcEnvironmentWithDefaults(JdbcEnvironmentInitiator.java:153)
	at org.hibernate.engine.jdbc.env.internal.JdbcEnvironmentInitiator.getJdbcEnvironmentUsingJdbcMetadata(JdbcEnvironmentInitiator.java:364)
	at org.hibernate.engine.jdbc.env.internal.JdbcEnvironmentInitiator.initiateService(JdbcEnvironmentInitiator.java:124)
	at org.hibernate.engine.jdbc.env.internal.JdbcEnvironmentInitiator.initiateService(JdbcEnvironmentInitiator.java:78)
	at org.hibernate.boot.registry.internal.StandardServiceRegistryImpl.initiateService(StandardServiceRegistryImpl.java:130)
	at org.hibernate.service.internal.AbstractServiceRegistryImpl.createService(AbstractServiceRegistryImpl.java:263)
	... 30 common frames omitted
2024-12-28 19:28:48,413 [INFO] com.banking.Sweep.SweepApplication[main] Starting SweepApplication using Java 17.0.13 with PID 21352 (D:\IntellijWorkspace\Sweep\Sweep\target\classes started by bhanu in D:\IntellijWorkspace\Sweep)
2024-12-28 19:28:48,416 [INFO] com.banking.Sweep.SweepApplication[main] No active profile set, falling back to 1 default profile: "default"
2024-12-28 19:28:49,433 [INFO] org.springframework.data.repository.config.RepositoryConfigurationDelegate[main] Bootstrapping Spring Data JPA repositories in DEFAULT mode.
2024-12-28 19:28:49,549 [INFO] org.springframework.data.repository.config.RepositoryConfigurationDelegate[main] Finished Spring Data repository scanning in 103 ms. Found 5 JPA repository interfaces.
2024-12-28 19:28:50,461 [INFO] org.springframework.boot.web.embedded.tomcat.TomcatWebServer[main] Tomcat initialized with port 8080 (http)
2024-12-28 19:28:50,480 [INFO] org.apache.catalina.core.StandardService[main] Starting service [Tomcat]
2024-12-28 19:28:50,480 [INFO] org.apache.catalina.core.StandardEngine[main] Starting Servlet engine: [Apache Tomcat/10.1.31]
2024-12-28 19:28:50,553 [INFO] org.apache.catalina.core.ContainerBase.[Tomcat].[localhost].[/][main] Initializing Spring embedded WebApplicationContext
2024-12-28 19:28:50,553 [INFO] org.springframework.boot.web.servlet.context.ServletWebServerApplicationContext[main] Root WebApplicationContext: initialization completed in 2078 ms
2024-12-28 19:28:50,718 [INFO] org.hibernate.jpa.internal.util.LogHelper[main] HHH000204: Processing PersistenceUnitInfo [name: default]
2024-12-28 19:28:50,803 [INFO] org.hibernate.Version[main] HHH000412: Hibernate ORM core version 6.5.3.Final
2024-12-28 19:28:50,852 [INFO] org.hibernate.cache.internal.RegionFactoryInitiator[main] HHH000026: Second-level cache disabled
2024-12-28 19:28:51,289 [INFO] org.springframework.orm.jpa.persistenceunit.SpringPersistenceUnitInfo[main] No LoadTimeWeaver setup: ignoring JPA class transformer
2024-12-28 19:28:51,327 [INFO] com.zaxxer.hikari.HikariDataSource[main] HikariPool-1 - Starting...
2024-12-28 19:28:52,102 [INFO] com.zaxxer.hikari.pool.HikariPool[main] HikariPool-1 - Added connection com.mysql.cj.jdbc.ConnectionImpl@5501d1c8
2024-12-28 19:28:52,107 [INFO] com.zaxxer.hikari.HikariDataSource[main] HikariPool-1 - Start completed.
2024-12-28 19:28:53,843 [INFO] org.hibernate.engine.transaction.jta.platform.internal.JtaPlatformInitiator[main] HHH000489: No JTA platform available (set 'hibernate.transaction.jta.platform' to enable JTA platform integration)
2024-12-28 19:28:54,053 [INFO] org.springframework.orm.jpa.LocalContainerEntityManagerFactoryBean[main] Initialized JPA EntityManagerFactory for persistence unit 'default'
2024-12-28 19:28:54,456 [INFO] org.springframework.data.jpa.repository.query.QueryEnhancerFactory[main] Hibernate is in classpath; If applicable, HQL parser will be used.
2024-12-28 19:28:54,718 [WARN] org.springframework.boot.autoconfigure.orm.jpa.JpaBaseConfiguration$JpaWebConfiguration[main] spring.jpa.open-in-view is enabled by default. Therefore, database queries may be performed during view rendering. Explicitly configure spring.jpa.open-in-view to disable this warning
2024-12-28 19:28:55,170 [INFO] org.springframework.boot.web.embedded.tomcat.TomcatWebServer[main] Tomcat started on port 8080 (http) with context path '/'
2024-12-28 19:28:55,184 [INFO] com.banking.Sweep.SweepApplication[main] Started SweepApplication in 7.356 seconds (process running for 7.906)
2024-12-28 19:29:00,269 [INFO] org.apache.catalina.core.ContainerBase.[Tomcat].[localhost].[/][http-nio-8080-exec-2] Initializing Spring DispatcherServlet 'dispatcherServlet'
2024-12-28 19:29:00,269 [INFO] org.springframework.web.servlet.DispatcherServlet[http-nio-8080-exec-2] Initializing Servlet 'dispatcherServlet'
2024-12-28 19:29:00,272 [INFO] org.springframework.web.servlet.DispatcherServlet[http-nio-8080-exec-2] Completed initialization in 3 ms
2024-12-28 19:38:30,255 [ERROR] org.springframework.scheduling.support.TaskUtils$LoggingErrorHandler[scheduling-1] Unexpected error occurred in scheduled task
java.util.NoSuchElementException: No value present
	at java.base/java.util.Optional.get(Optional.java:143)
	at com.banking.Sweep.service.impl.SweepServiceImpl.lambda$startSweep$0(SweepServiceImpl.java:69)
	at java.base/java.util.ArrayList.forEach(ArrayList.java:1511)
	at com.banking.Sweep.service.impl.SweepServiceImpl.startSweep(SweepServiceImpl.java:63)
	at com.banking.Sweep.controller.SweepController.startSweep(SweepController.java:38)
	at java.base/jdk.internal.reflect.NativeMethodAccessorImpl.invoke0(Native Method)
	at java.base/jdk.internal.reflect.NativeMethodAccessorImpl.invoke(NativeMethodAccessorImpl.java:77)
	at java.base/jdk.internal.reflect.DelegatingMethodAccessorImpl.invoke(DelegatingMethodAccessorImpl.java:43)
	at java.base/java.lang.reflect.Method.invoke(Method.java:568)
	at org.springframework.scheduling.support.ScheduledMethodRunnable.runInternal(ScheduledMethodRunnable.java:130)
	at org.springframework.scheduling.support.ScheduledMethodRunnable.lambda$run$2(ScheduledMethodRunnable.java:124)
	at io.micrometer.observation.Observation.observe(Observation.java:499)
	at org.springframework.scheduling.support.ScheduledMethodRunnable.run(ScheduledMethodRunnable.java:124)
	at org.springframework.scheduling.support.DelegatingErrorHandlingRunnable.run(DelegatingErrorHandlingRunnable.java:54)
	at org.springframework.scheduling.concurrent.ReschedulingRunnable.run(ReschedulingRunnable.java:96)
	at java.base/java.util.concurrent.Executors$RunnableAdapter.call(Executors.java:539)
	at java.base/java.util.concurrent.FutureTask.run(FutureTask.java:264)
	at java.base/java.util.concurrent.ScheduledThreadPoolExecutor$ScheduledFutureTask.run(ScheduledThreadPoolExecutor.java:304)
	at java.base/java.util.concurrent.ThreadPoolExecutor.runWorker(ThreadPoolExecutor.java:1136)
	at java.base/java.util.concurrent.ThreadPoolExecutor$Worker.run(ThreadPoolExecutor.java:635)
	at java.base/java.lang.Thread.run(Thread.java:842)
2024-12-28 20:55:10,377 [INFO] org.springframework.orm.jpa.LocalContainerEntityManagerFactoryBean[SpringApplicationShutdownHook] Closing JPA EntityManagerFactory for persistence unit 'default'
2024-12-28 20:55:10,419 [INFO] com.zaxxer.hikari.HikariDataSource[SpringApplicationShutdownHook] HikariPool-1 - Shutdown initiated...
2024-12-28 20:55:10,430 [INFO] com.zaxxer.hikari.HikariDataSource[SpringApplicationShutdownHook] HikariPool-1 - Shutdown completed.
2024-12-28 22:17:04,401 [INFO] com.banking.Sweep.SweepApplication[main] Starting SweepApplication using Java 17.0.13 with PID 16456 (D:\IntellijWorkspace\Sweep\Sweep\target\classes started by bhanu in D:\IntellijWorkspace\Sweep)
2024-12-28 22:17:04,404 [INFO] com.banking.Sweep.SweepApplication[main] No active profile set, falling back to 1 default profile: "default"
2024-12-28 22:17:07,151 [INFO] org.springframework.data.repository.config.RepositoryConfigurationDelegate[main] Bootstrapping Spring Data JPA repositories in DEFAULT mode.
2024-12-28 22:17:07,233 [INFO] org.springframework.data.repository.config.RepositoryConfigurationDelegate[main] Finished Spring Data repository scanning in 75 ms. Found 5 JPA repository interfaces.
2024-12-28 22:17:07,874 [INFO] org.springframework.boot.web.embedded.tomcat.TomcatWebServer[main] Tomcat initialized with port 8080 (http)
2024-12-28 22:17:07,890 [INFO] org.apache.catalina.core.StandardService[main] Starting service [Tomcat]
2024-12-28 22:17:07,890 [INFO] org.apache.catalina.core.StandardEngine[main] Starting Servlet engine: [Apache Tomcat/10.1.31]
2024-12-28 22:17:07,959 [INFO] org.apache.catalina.core.ContainerBase.[Tomcat].[localhost].[/][main] Initializing Spring embedded WebApplicationContext
2024-12-28 22:17:07,959 [INFO] org.springframework.boot.web.servlet.context.ServletWebServerApplicationContext[main] Root WebApplicationContext: initialization completed in 3511 ms
2024-12-28 22:17:08,133 [INFO] org.hibernate.jpa.internal.util.LogHelper[main] HHH000204: Processing PersistenceUnitInfo [name: default]
2024-12-28 22:17:08,206 [INFO] org.hibernate.Version[main] HHH000412: Hibernate ORM core version 6.5.3.Final
2024-12-28 22:17:08,256 [INFO] org.hibernate.cache.internal.RegionFactoryInitiator[main] HHH000026: Second-level cache disabled
2024-12-28 22:17:08,562 [INFO] org.springframework.orm.jpa.persistenceunit.SpringPersistenceUnitInfo[main] No LoadTimeWeaver setup: ignoring JPA class transformer
2024-12-28 22:17:08,592 [INFO] com.zaxxer.hikari.HikariDataSource[main] HikariPool-1 - Starting...
2024-12-28 22:17:09,077 [INFO] com.zaxxer.hikari.pool.HikariPool[main] HikariPool-1 - Added connection com.mysql.cj.jdbc.ConnectionImpl@7ab1ad9
2024-12-28 22:17:09,077 [INFO] com.zaxxer.hikari.HikariDataSource[main] HikariPool-1 - Start completed.
2024-12-28 22:17:10,092 [INFO] org.hibernate.engine.transaction.jta.platform.internal.JtaPlatformInitiator[main] HHH000489: No JTA platform available (set 'hibernate.transaction.jta.platform' to enable JTA platform integration)
2024-12-28 22:17:10,250 [INFO] org.springframework.orm.jpa.LocalContainerEntityManagerFactoryBean[main] Initialized JPA EntityManagerFactory for persistence unit 'default'
2024-12-28 22:17:10,521 [INFO] org.springframework.data.jpa.repository.query.QueryEnhancerFactory[main] Hibernate is in classpath; If applicable, HQL parser will be used.
2024-12-28 22:17:10,869 [WARN] org.springframework.boot.autoconfigure.orm.jpa.JpaBaseConfiguration$JpaWebConfiguration[main] spring.jpa.open-in-view is enabled by default. Therefore, database queries may be performed during view rendering. Explicitly configure spring.jpa.open-in-view to disable this warning
2024-12-28 22:17:11,305 [INFO] org.springframework.boot.web.embedded.tomcat.TomcatWebServer[main] Tomcat started on port 8080 (http) with context path '/'
2024-12-28 22:17:11,311 [INFO] com.banking.Sweep.SweepApplication[main] Started SweepApplication in 7.374 seconds (process running for 7.781)
2024-12-28 22:17:12,797 [INFO] org.apache.catalina.core.ContainerBase.[Tomcat].[localhost].[/][http-nio-8080-exec-1] Initializing Spring DispatcherServlet 'dispatcherServlet'
2024-12-28 22:17:12,798 [INFO] org.springframework.web.servlet.DispatcherServlet[http-nio-8080-exec-1] Initializing Servlet 'dispatcherServlet'
2024-12-28 22:17:12,799 [INFO] org.springframework.web.servlet.DispatcherServlet[http-nio-8080-exec-1] Completed initialization in 1 ms
2024-12-28 23:01:42,809 [WARN] org.springframework.web.servlet.mvc.support.DefaultHandlerExceptionResolver[http-nio-8080-exec-8] Resolved [org.springframework.web.HttpRequestMethodNotSupportedException: Request method 'GET' is not supported]
2024-12-28 23:02:19,944 [WARN] org.springframework.web.servlet.mvc.support.DefaultHandlerExceptionResolver[http-nio-8080-exec-9] Resolved [org.springframework.web.HttpRequestMethodNotSupportedException: Request method 'GET' is not supported]
2024-12-28 23:02:54,813 [INFO] com.banking.Sweep.SweepApplication[main] Starting SweepApplication using Java 17.0.13 with PID 4148 (D:\IntellijWorkspace\Sweep\Sweep\target\classes started by bhanu in D:\IntellijWorkspace\Sweep)
2024-12-28 23:02:54,817 [INFO] com.banking.Sweep.SweepApplication[main] No active profile set, falling back to 1 default profile: "default"
2024-12-28 23:02:57,318 [INFO] org.springframework.data.repository.config.RepositoryConfigurationDelegate[main] Bootstrapping Spring Data JPA repositories in DEFAULT mode.
2024-12-28 23:02:57,401 [INFO] org.springframework.data.repository.config.RepositoryConfigurationDelegate[main] Finished Spring Data repository scanning in 76 ms. Found 5 JPA repository interfaces.
2024-12-28 23:02:57,958 [INFO] org.springframework.boot.web.embedded.tomcat.TomcatWebServer[main] Tomcat initialized with port 8080 (http)
2024-12-28 23:02:57,973 [INFO] org.apache.catalina.core.StandardService[main] Starting service [Tomcat]
2024-12-28 23:02:57,975 [INFO] org.apache.catalina.core.StandardEngine[main] Starting Servlet engine: [Apache Tomcat/10.1.31]
2024-12-28 23:02:58,036 [INFO] org.apache.catalina.core.ContainerBase.[Tomcat].[localhost].[/][main] Initializing Spring embedded WebApplicationContext
2024-12-28 23:02:58,036 [INFO] org.springframework.boot.web.servlet.context.ServletWebServerApplicationContext[main] Root WebApplicationContext: initialization completed in 3167 ms
2024-12-28 23:02:58,195 [INFO] org.hibernate.jpa.internal.util.LogHelper[main] HHH000204: Processing PersistenceUnitInfo [name: default]
2024-12-28 23:02:58,274 [INFO] org.hibernate.Version[main] HHH000412: Hibernate ORM core version 6.5.3.Final
2024-12-28 23:02:58,311 [INFO] org.hibernate.cache.internal.RegionFactoryInitiator[main] HHH000026: Second-level cache disabled
2024-12-28 23:02:58,581 [INFO] org.springframework.orm.jpa.persistenceunit.SpringPersistenceUnitInfo[main] No LoadTimeWeaver setup: ignoring JPA class transformer
2024-12-28 23:02:58,611 [INFO] com.zaxxer.hikari.HikariDataSource[main] HikariPool-1 - Starting...
2024-12-28 23:02:58,910 [INFO] com.zaxxer.hikari.pool.HikariPool[main] HikariPool-1 - Added connection com.mysql.cj.jdbc.ConnectionImpl@18483b8b
2024-12-28 23:02:58,911 [INFO] com.zaxxer.hikari.HikariDataSource[main] HikariPool-1 - Start completed.
2024-12-28 23:02:59,892 [INFO] org.hibernate.engine.transaction.jta.platform.internal.JtaPlatformInitiator[main] HHH000489: No JTA platform available (set 'hibernate.transaction.jta.platform' to enable JTA platform integration)
2024-12-28 23:02:59,963 [INFO] org.springframework.orm.jpa.LocalContainerEntityManagerFactoryBean[main] Initialized JPA EntityManagerFactory for persistence unit 'default'
2024-12-28 23:03:00,210 [INFO] org.springframework.data.jpa.repository.query.QueryEnhancerFactory[main] Hibernate is in classpath; If applicable, HQL parser will be used.
2024-12-28 23:03:00,503 [WARN] org.springframework.boot.autoconfigure.orm.jpa.JpaBaseConfiguration$JpaWebConfiguration[main] spring.jpa.open-in-view is enabled by default. Therefore, database queries may be performed during view rendering. Explicitly configure spring.jpa.open-in-view to disable this warning
2024-12-28 23:03:00,897 [WARN] org.springframework.boot.web.servlet.context.AnnotationConfigServletWebServerApplicationContext[main] Exception encountered during context initialization - cancelling refresh attempt: org.springframework.context.ApplicationContextException: Failed to start bean 'webServerStartStop'
2024-12-28 23:03:00,899 [INFO] org.springframework.orm.jpa.LocalContainerEntityManagerFactoryBean[main] Closing JPA EntityManagerFactory for persistence unit 'default'
2024-12-28 23:03:00,899 [INFO] com.zaxxer.hikari.HikariDataSource[main] HikariPool-1 - Shutdown initiated...
2024-12-28 23:03:00,909 [INFO] com.zaxxer.hikari.HikariDataSource[main] HikariPool-1 - Shutdown completed.
2024-12-28 23:03:00,912 [INFO] org.springframework.boot.autoconfigure.logging.ConditionEvaluationReportLogger[main] 

Error starting ApplicationContext. To display the condition evaluation report re-run your application with 'debug' enabled.
2024-12-28 23:03:00,939 [ERROR] org.springframework.boot.diagnostics.LoggingFailureAnalysisReporter[main] 

***************************
APPLICATION FAILED TO START
***************************

Description:

Web server failed to start. Port 8080 was already in use.

Action:

Identify and stop the process that's listening on port 8080 or configure this application to listen on another port.

2024-12-28 23:03:35,912 [INFO] org.springframework.orm.jpa.LocalContainerEntityManagerFactoryBean[SpringApplicationShutdownHook] Closing JPA EntityManagerFactory for persistence unit 'default'
2024-12-28 23:03:35,914 [INFO] com.zaxxer.hikari.HikariDataSource[SpringApplicationShutdownHook] HikariPool-1 - Shutdown initiated...
2024-12-28 23:03:35,929 [INFO] com.zaxxer.hikari.HikariDataSource[SpringApplicationShutdownHook] HikariPool-1 - Shutdown completed.
2024-12-28 23:03:39,274 [INFO] com.banking.Sweep.SweepApplication[main] Starting SweepApplication using Java 17.0.13 with PID 21600 (D:\IntellijWorkspace\Sweep\Sweep\target\classes started by bhanu in D:\IntellijWorkspace\Sweep)
2024-12-28 23:03:39,280 [INFO] com.banking.Sweep.SweepApplication[main] No active profile set, falling back to 1 default profile: "default"
2024-12-28 23:03:40,085 [INFO] org.springframework.data.repository.config.RepositoryConfigurationDelegate[main] Bootstrapping Spring Data JPA repositories in DEFAULT mode.
2024-12-28 23:03:40,219 [INFO] org.springframework.data.repository.config.RepositoryConfigurationDelegate[main] Finished Spring Data repository scanning in 135 ms. Found 5 JPA repository interfaces.
2024-12-28 23:03:40,770 [INFO] org.springframework.boot.web.embedded.tomcat.TomcatWebServer[main] Tomcat initialized with port 8080 (http)
2024-12-28 23:03:40,781 [INFO] org.apache.catalina.core.StandardService[main] Starting service [Tomcat]
2024-12-28 23:03:40,781 [INFO] org.apache.catalina.core.StandardEngine[main] Starting Servlet engine: [Apache Tomcat/10.1.31]
2024-12-28 23:03:40,840 [INFO] org.apache.catalina.core.ContainerBase.[Tomcat].[localhost].[/][main] Initializing Spring embedded WebApplicationContext
2024-12-28 23:03:40,840 [INFO] org.springframework.boot.web.servlet.context.ServletWebServerApplicationContext[main] Root WebApplicationContext: initialization completed in 1522 ms
2024-12-28 23:03:40,979 [INFO] org.hibernate.jpa.internal.util.LogHelper[main] HHH000204: Processing PersistenceUnitInfo [name: default]
2024-12-28 23:03:41,042 [INFO] org.hibernate.Version[main] HHH000412: Hibernate ORM core version 6.5.3.Final
2024-12-28 23:03:41,059 [INFO] org.hibernate.cache.internal.RegionFactoryInitiator[main] HHH000026: Second-level cache disabled
2024-12-28 23:03:41,416 [INFO] org.springframework.orm.jpa.persistenceunit.SpringPersistenceUnitInfo[main] No LoadTimeWeaver setup: ignoring JPA class transformer
2024-12-28 23:03:41,447 [INFO] com.zaxxer.hikari.HikariDataSource[main] HikariPool-1 - Starting...
2024-12-28 23:03:41,693 [INFO] com.zaxxer.hikari.pool.HikariPool[main] HikariPool-1 - Added connection com.mysql.cj.jdbc.ConnectionImpl@965bcbc
2024-12-28 23:03:41,693 [INFO] com.zaxxer.hikari.HikariDataSource[main] HikariPool-1 - Start completed.
2024-12-28 23:03:42,565 [INFO] org.hibernate.engine.transaction.jta.platform.internal.JtaPlatformInitiator[main] HHH000489: No JTA platform available (set 'hibernate.transaction.jta.platform' to enable JTA platform integration)
2024-12-28 23:03:42,626 [INFO] org.springframework.orm.jpa.LocalContainerEntityManagerFactoryBean[main] Initialized JPA EntityManagerFactory for persistence unit 'default'
2024-12-28 23:03:42,870 [INFO] org.springframework.data.jpa.repository.query.QueryEnhancerFactory[main] Hibernate is in classpath; If applicable, HQL parser will be used.
2024-12-28 23:03:43,157 [WARN] org.springframework.boot.autoconfigure.orm.jpa.JpaBaseConfiguration$JpaWebConfiguration[main] spring.jpa.open-in-view is enabled by default. Therefore, database queries may be performed during view rendering. Explicitly configure spring.jpa.open-in-view to disable this warning
2024-12-28 23:03:43,576 [INFO] org.springframework.boot.web.embedded.tomcat.TomcatWebServer[main] Tomcat started on port 8080 (http) with context path '/'
2024-12-28 23:03:43,591 [INFO] com.banking.Sweep.SweepApplication[main] Started SweepApplication in 4.714 seconds (process running for 5.037)
2024-12-28 23:03:50,243 [INFO] org.apache.catalina.core.ContainerBase.[Tomcat].[localhost].[/][http-nio-8080-exec-2] Initializing Spring DispatcherServlet 'dispatcherServlet'
2024-12-28 23:03:50,243 [INFO] org.springframework.web.servlet.DispatcherServlet[http-nio-8080-exec-2] Initializing Servlet 'dispatcherServlet'
2024-12-28 23:03:50,244 [INFO] org.springframework.web.servlet.DispatcherServlet[http-nio-8080-exec-2] Completed initialization in 0 ms
2024-12-28 23:05:35,881 [INFO] org.springframework.orm.jpa.LocalContainerEntityManagerFactoryBean[SpringApplicationShutdownHook] Closing JPA EntityManagerFactory for persistence unit 'default'
2024-12-28 23:05:35,881 [INFO] com.zaxxer.hikari.HikariDataSource[SpringApplicationShutdownHook] HikariPool-1 - Shutdown initiated...
2024-12-28 23:05:35,890 [INFO] com.zaxxer.hikari.HikariDataSource[SpringApplicationShutdownHook] HikariPool-1 - Shutdown completed.
2024-12-28 23:12:42,337 [INFO] com.banking.Sweep.SweepApplication[main] Starting SweepApplication using Java 17.0.13 with PID 13856 (D:\IntellijWorkspace\Sweep\Sweep\target\classes started by bhanu in D:\IntellijWorkspace\Sweep)
2024-12-28 23:12:42,341 [INFO] com.banking.Sweep.SweepApplication[main] No active profile set, falling back to 1 default profile: "default"
2024-12-28 23:12:43,538 [INFO] org.springframework.data.repository.config.RepositoryConfigurationDelegate[main] Bootstrapping Spring Data JPA repositories in DEFAULT mode.
2024-12-28 23:12:43,645 [INFO] org.springframework.data.repository.config.RepositoryConfigurationDelegate[main] Finished Spring Data repository scanning in 93 ms. Found 5 JPA repository interfaces.
2024-12-28 23:12:44,436 [INFO] org.springframework.boot.web.embedded.tomcat.TomcatWebServer[main] Tomcat initialized with port 8080 (http)
2024-12-28 23:12:44,454 [INFO] org.apache.catalina.core.StandardService[main] Starting service [Tomcat]
2024-12-28 23:12:44,454 [INFO] org.apache.catalina.core.StandardEngine[main] Starting Servlet engine: [Apache Tomcat/10.1.31]
2024-12-28 23:12:44,529 [INFO] org.apache.catalina.core.ContainerBase.[Tomcat].[localhost].[/][main] Initializing Spring embedded WebApplicationContext
2024-12-28 23:12:44,530 [INFO] org.springframework.boot.web.servlet.context.ServletWebServerApplicationContext[main] Root WebApplicationContext: initialization completed in 2081 ms
2024-12-28 23:12:44,714 [INFO] org.hibernate.jpa.internal.util.LogHelper[main] HHH000204: Processing PersistenceUnitInfo [name: default]
2024-12-28 23:12:44,805 [INFO] org.hibernate.Version[main] HHH000412: Hibernate ORM core version 6.5.3.Final
2024-12-28 23:12:44,856 [INFO] org.hibernate.cache.internal.RegionFactoryInitiator[main] HHH000026: Second-level cache disabled
2024-12-28 23:12:45,314 [INFO] org.springframework.orm.jpa.persistenceunit.SpringPersistenceUnitInfo[main] No LoadTimeWeaver setup: ignoring JPA class transformer
2024-12-28 23:12:45,356 [INFO] com.zaxxer.hikari.HikariDataSource[main] HikariPool-1 - Starting...
2024-12-28 23:12:45,698 [INFO] com.zaxxer.hikari.pool.HikariPool[main] HikariPool-1 - Added connection com.mysql.cj.jdbc.ConnectionImpl@3f9f8d23
2024-12-28 23:12:45,698 [INFO] com.zaxxer.hikari.HikariDataSource[main] HikariPool-1 - Start completed.
2024-12-28 23:12:46,853 [INFO] org.hibernate.engine.transaction.jta.platform.internal.JtaPlatformInitiator[main] HHH000489: No JTA platform available (set 'hibernate.transaction.jta.platform' to enable JTA platform integration)
2024-12-28 23:12:46,947 [INFO] org.springframework.orm.jpa.LocalContainerEntityManagerFactoryBean[main] Initialized JPA EntityManagerFactory for persistence unit 'default'
2024-12-28 23:12:47,313 [INFO] org.springframework.data.jpa.repository.query.QueryEnhancerFactory[main] Hibernate is in classpath; If applicable, HQL parser will be used.
2024-12-28 23:12:47,682 [WARN] org.springframework.boot.autoconfigure.orm.jpa.JpaBaseConfiguration$JpaWebConfiguration[main] spring.jpa.open-in-view is enabled by default. Therefore, database queries may be performed during view rendering. Explicitly configure spring.jpa.open-in-view to disable this warning
2024-12-28 23:12:48,365 [INFO] org.springframework.boot.web.embedded.tomcat.TomcatWebServer[main] Tomcat started on port 8080 (http) with context path '/'
2024-12-28 23:12:48,385 [INFO] com.banking.Sweep.SweepApplication[main] Started SweepApplication in 6.534 seconds (process running for 6.935)
2024-12-28 23:12:53,201 [INFO] org.apache.catalina.core.ContainerBase.[Tomcat].[localhost].[/][http-nio-8080-exec-1] Initializing Spring DispatcherServlet 'dispatcherServlet'
2024-12-28 23:12:53,201 [INFO] org.springframework.web.servlet.DispatcherServlet[http-nio-8080-exec-1] Initializing Servlet 'dispatcherServlet'
2024-12-28 23:12:53,201 [INFO] org.springframework.web.servlet.DispatcherServlet[http-nio-8080-exec-1] Completed initialization in 0 ms
